INFO  04:07:00,363 - #2 program
INFO  04:07:00,363 - #54 test_303
INFO  04:07:00,363 - #8 const
INFO  04:07:00,364 - #54 int
INFO  04:07:00,364 - #54 cinilac
INFO  04:07:00,364 - #36 =
INFO  04:07:00,365 - #53 4
INFO  04:07:00,365 - #41 ,
INFO  04:07:00,365 - #54 delilac
INFO  04:07:00,365 - #36 =
INFO  04:07:00,365 - #53 3
INFO  04:07:00,365 - #40 ;
INFO  04:07:00,365 - #6 abstract
INFO  04:07:00,366 - #5 class
INFO  04:07:00,366 - #54 AbsPredmet
INFO  04:07:00,366 - #45 {
INFO  04:07:00,366 - #45 {
INFO  04:07:00,366 - #6 abstract
INFO  04:07:00,366 - #54 int
INFO  04:07:00,366 - #54 zapremina
INFO  04:07:00,367 - #43 (
INFO  04:07:00,367 - #44 )
INFO  04:07:00,367 - #40 ;
INFO  04:07:00,368 - #6 abstract
INFO  04:07:00,368 - #54 int
INFO  04:07:00,368 - #54 Q
INFO  04:07:00,368 - #43 (
INFO  04:07:00,368 - #44 )
INFO  04:07:00,368 - #40 ;
INFO  04:07:00,368 - #46 }
INFO  04:07:00,368 - #46 }
INFO  04:07:00,368 - #5 class
INFO  04:07:00,368 - #54 Predmet
INFO  04:07:00,368 - #15 extends
INFO  04:07:00,368 - #54 AbsPredmet
INFO  04:07:00,368 - #45 {
INFO  04:07:00,368 - #54 int
INFO  04:07:00,368 - #54 tezina
INFO  04:07:00,368 - #40 ;
INFO  04:07:00,369 - #54 char
INFO  04:07:00,369 - #54 vrsta
INFO  04:07:00,369 - #40 ;
INFO  04:07:00,369 - #45 {
INFO  04:07:00,370 - #14 void
INFO  04:07:00,370 - #54 postaviTezinu
INFO  04:07:00,370 - #43 (
INFO  04:07:00,370 - #54 int
INFO  04:07:00,370 - #54 tezina
INFO  04:07:00,370 - #44 )
INFO  04:07:00,371 - #45 {
INFO  04:07:00,371 - #54 this
INFO  04:07:00,371 - #42 .
INFO  04:07:00,371 - #54 tezina
INFO  04:07:00,371 - #36 =
INFO  04:07:00,372 - #54 tezina
INFO  04:07:00,372 - #40 ;
INFO  04:07:00,372 - #46 }
INFO  04:07:00,372 - #14 void
INFO  04:07:00,373 - #54 ucitajTezinu
INFO  04:07:00,373 - #43 (
INFO  04:07:00,373 - #44 )
INFO  04:07:00,373 - #45 {
INFO  04:07:00,373 - #12 read
INFO  04:07:00,373 - #43 (
INFO  04:07:00,373 - #54 tezina
INFO  04:07:00,373 - #44 )
INFO  04:07:00,373 - #40 ;
INFO  04:07:00,373 - #46 }
INFO  04:07:00,373 - #54 int
INFO  04:07:00,373 - #54 zapremina
INFO  04:07:00,373 - #43 (
INFO  04:07:00,373 - #44 )
INFO  04:07:00,373 - #45 {
INFO  04:07:00,373 - #13 return
INFO  04:07:00,373 - #53 0
INFO  04:07:00,373 - #40 ;
INFO  04:07:00,373 - #46 }
INFO  04:07:00,373 - #54 int
INFO  04:07:00,373 - #54 Q
INFO  04:07:00,373 - #43 (
INFO  04:07:00,373 - #44 )
INFO  04:07:00,373 - #45 {
INFO  04:07:00,373 - #13 return
INFO  04:07:00,373 - #54 zapremina
INFO  04:07:00,373 - #43 (
INFO  04:07:00,373 - #44 )
INFO  04:07:00,374 - #25 *
INFO  04:07:00,374 - #54 tezina
INFO  04:07:00,375 - #40 ;
INFO  04:07:00,375 - #46 }
INFO  04:07:00,375 - #14 void
INFO  04:07:00,375 - #54 postaviVrstu
INFO  04:07:00,375 - #43 (
INFO  04:07:00,375 - #54 char
INFO  04:07:00,375 - #54 vrsta
INFO  04:07:00,375 - #44 )
INFO  04:07:00,375 - #45 {
INFO  04:07:00,375 - #54 this
INFO  04:07:00,375 - #42 .
INFO  04:07:00,375 - #54 vrsta
INFO  04:07:00,375 - #36 =
INFO  04:07:00,375 - #54 vrsta
INFO  04:07:00,375 - #40 ;
INFO  04:07:00,375 - #46 }
INFO  04:07:00,375 - #54 char
INFO  04:07:00,375 - #54 dohvVrstu
INFO  04:07:00,375 - #43 (
INFO  04:07:00,375 - #44 )
INFO  04:07:00,375 - #45 {
INFO  04:07:00,375 - #13 return
INFO  04:07:00,375 - #54 vrsta
INFO  04:07:00,375 - #40 ;
INFO  04:07:00,375 - #46 }
INFO  04:07:00,375 - #54 int
INFO  04:07:00,375 - #54 dohvTezinu
INFO  04:07:00,375 - #43 (
INFO  04:07:00,375 - #44 )
INFO  04:07:00,375 - #45 {
INFO  04:07:00,375 - #13 return
INFO  04:07:00,375 - #54 tezina
INFO  04:07:00,375 - #40 ;
INFO  04:07:00,375 - #46 }
INFO  04:07:00,375 - #46 }
INFO  04:07:00,375 - #46 }
INFO  04:07:00,376 - #5 class
INFO  04:07:00,376 - #54 Sfera
INFO  04:07:00,376 - #15 extends
INFO  04:07:00,376 - #54 Predmet
INFO  04:07:00,376 - #45 {
INFO  04:07:00,376 - #54 int
INFO  04:07:00,376 - #54 r
INFO  04:07:00,376 - #40 ;
INFO  04:07:00,376 - #45 {
INFO  04:07:00,376 - #14 void
INFO  04:07:00,376 - #54 postaviTezinu
INFO  04:07:00,376 - #43 (
INFO  04:07:00,376 - #54 int
INFO  04:07:00,376 - #54 tezina
INFO  04:07:00,376 - #44 )
INFO  04:07:00,376 - #45 {
INFO  04:07:00,376 - #54 this
INFO  04:07:00,376 - #42 .
INFO  04:07:00,376 - #54 tezina
INFO  04:07:00,376 - #36 =
INFO  04:07:00,376 - #54 tezina
INFO  04:07:00,376 - #40 ;
INFO  04:07:00,376 - #54 vrsta
INFO  04:07:00,376 - #36 =
INFO  04:07:00,376 - #52 's'
INFO  04:07:00,376 - #40 ;
INFO  04:07:00,376 - #46 }
INFO  04:07:00,376 - #14 void
INFO  04:07:00,376 - #54 postaviPoluprecnik
INFO  04:07:00,376 - #43 (
INFO  04:07:00,376 - #54 int
INFO  04:07:00,376 - #54 r
INFO  04:07:00,376 - #44 )
INFO  04:07:00,376 - #45 {
INFO  04:07:00,376 - #54 this
INFO  04:07:00,376 - #42 .
INFO  04:07:00,376 - #54 r
INFO  04:07:00,376 - #36 =
INFO  04:07:00,376 - #54 r
INFO  04:07:00,376 - #40 ;
INFO  04:07:00,376 - #54 postaviVrstu
INFO  04:07:00,376 - #43 (
INFO  04:07:00,376 - #52 's'
INFO  04:07:00,376 - #44 )
INFO  04:07:00,377 - #40 ;
INFO  04:07:00,377 - #46 }
INFO  04:07:00,377 - #54 int
INFO  04:07:00,377 - #54 zapremina
INFO  04:07:00,377 - #43 (
INFO  04:07:00,377 - #44 )
INFO  04:07:00,377 - #54 int
INFO  04:07:00,377 - #54 z
INFO  04:07:00,377 - #40 ;
INFO  04:07:00,377 - #45 {
INFO  04:07:00,377 - #54 z
INFO  04:07:00,377 - #36 =
INFO  04:07:00,377 - #54 cinilac
INFO  04:07:00,377 - #40 ;
INFO  04:07:00,377 - #13 return
INFO  04:07:00,377 - #54 z
INFO  04:07:00,377 - #25 *
INFO  04:07:00,377 - #43 (
INFO  04:07:00,377 - #54 r
INFO  04:07:00,377 - #26 /
INFO  04:07:00,377 - #54 delilac
INFO  04:07:00,377 - #44 )
INFO  04:07:00,377 - #40 ;
INFO  04:07:00,378 - #46 }
INFO  04:07:00,378 - #46 }
INFO  04:07:00,378 - #46 }
INFO  04:07:00,378 - #5 class
INFO  04:07:00,378 - #54 Kvadar
INFO  04:07:00,378 - #15 extends
INFO  04:07:00,378 - #54 Predmet
INFO  04:07:00,378 - #45 {
INFO  04:07:00,378 - #54 int
INFO  04:07:00,378 - #54 a
INFO  04:07:00,378 - #41 ,
INFO  04:07:00,378 - #54 b
INFO  04:07:00,378 - #41 ,
INFO  04:07:00,378 - #54 c
INFO  04:07:00,378 - #40 ;
INFO  04:07:00,378 - #45 {
INFO  04:07:00,378 - #14 void
INFO  04:07:00,378 - #54 postaviTezinu
INFO  04:07:00,378 - #43 (
INFO  04:07:00,378 - #54 int
INFO  04:07:00,378 - #54 tezina
INFO  04:07:00,378 - #44 )
INFO  04:07:00,378 - #45 {
INFO  04:07:00,378 - #54 this
INFO  04:07:00,378 - #42 .
INFO  04:07:00,378 - #54 tezina
INFO  04:07:00,378 - #36 =
INFO  04:07:00,378 - #54 tezina
INFO  04:07:00,378 - #40 ;
INFO  04:07:00,378 - #54 vrsta
INFO  04:07:00,378 - #36 =
INFO  04:07:00,378 - #52 'k'
INFO  04:07:00,378 - #40 ;
INFO  04:07:00,378 - #46 }
INFO  04:07:00,378 - #14 void
INFO  04:07:00,378 - #54 postaviStranice
INFO  04:07:00,378 - #43 (
INFO  04:07:00,378 - #54 int
INFO  04:07:00,378 - #54 a
INFO  04:07:00,378 - #41 ,
INFO  04:07:00,378 - #54 int
INFO  04:07:00,378 - #54 b
INFO  04:07:00,378 - #41 ,
INFO  04:07:00,379 - #54 int
INFO  04:07:00,379 - #54 c
INFO  04:07:00,379 - #44 )
INFO  04:07:00,379 - #45 {
INFO  04:07:00,379 - #54 this
INFO  04:07:00,379 - #42 .
INFO  04:07:00,379 - #54 a
INFO  04:07:00,379 - #36 =
INFO  04:07:00,379 - #54 a
INFO  04:07:00,379 - #40 ;
INFO  04:07:00,379 - #54 this
INFO  04:07:00,379 - #42 .
INFO  04:07:00,379 - #54 b
INFO  04:07:00,379 - #36 =
INFO  04:07:00,379 - #54 b
INFO  04:07:00,379 - #40 ;
INFO  04:07:00,379 - #54 this
INFO  04:07:00,379 - #42 .
INFO  04:07:00,379 - #54 c
INFO  04:07:00,379 - #36 =
INFO  04:07:00,379 - #54 c
INFO  04:07:00,379 - #40 ;
INFO  04:07:00,379 - #54 vrsta
INFO  04:07:00,379 - #36 =
INFO  04:07:00,379 - #52 'k'
INFO  04:07:00,379 - #40 ;
INFO  04:07:00,379 - #46 }
INFO  04:07:00,379 - #54 int
INFO  04:07:00,379 - #54 zapremina
INFO  04:07:00,379 - #43 (
INFO  04:07:00,379 - #44 )
INFO  04:07:00,379 - #54 int
INFO  04:07:00,379 - #54 z
INFO  04:07:00,379 - #40 ;
INFO  04:07:00,379 - #45 {
INFO  04:07:00,379 - #54 z
INFO  04:07:00,379 - #36 =
INFO  04:07:00,379 - #54 a
INFO  04:07:00,379 - #25 *
INFO  04:07:00,379 - #54 b
INFO  04:07:00,379 - #25 *
INFO  04:07:00,379 - #54 c
INFO  04:07:00,379 - #40 ;
INFO  04:07:00,379 - #13 return
INFO  04:07:00,379 - #54 z
INFO  04:07:00,379 - #40 ;
INFO  04:07:00,379 - #46 }
INFO  04:07:00,379 - #46 }
INFO  04:07:00,379 - #46 }
INFO  04:07:00,379 - #54 int
INFO  04:07:00,379 - #54 zapreminaK
INFO  04:07:00,379 - #41 ,
INFO  04:07:00,379 - #54 zapreminaS
INFO  04:07:00,379 - #40 ;
INFO  04:07:00,379 - #54 int
INFO  04:07:00,380 - #54 tezinaK
INFO  04:07:00,380 - #41 ,
INFO  04:07:00,380 - #54 tezinaS
INFO  04:07:00,380 - #40 ;
INFO  04:07:00,380 - #45 {
INFO  04:07:00,380 - #14 void
INFO  04:07:00,380 - #54 ispis
INFO  04:07:00,380 - #43 (
INFO  04:07:00,380 - #54 Predmet
INFO  04:07:00,380 - #54 p
INFO  04:07:00,380 - #44 )
INFO  04:07:00,380 - #45 {
INFO  04:07:00,380 - #9 if
INFO  04:07:00,380 - #43 (
INFO  04:07:00,380 - #54 p
INFO  04:07:00,380 - #42 .
INFO  04:07:00,380 - #54 dohvVrstu
INFO  04:07:00,380 - #43 (
INFO  04:07:00,380 - #44 )
INFO  04:07:00,380 - #28 ==
INFO  04:07:00,380 - #52 's'
INFO  04:07:00,381 - #44 )
INFO  04:07:00,381 - #11 print
INFO  04:07:00,381 - #43 (
INFO  04:07:00,381 - #52 'S'
INFO  04:07:00,381 - #44 )
INFO  04:07:00,381 - #40 ;
INFO  04:07:00,381 - #7 else
INFO  04:07:00,381 - #9 if
INFO  04:07:00,381 - #43 (
INFO  04:07:00,381 - #54 p
INFO  04:07:00,381 - #42 .
INFO  04:07:00,381 - #54 dohvVrstu
INFO  04:07:00,381 - #43 (
INFO  04:07:00,381 - #44 )
INFO  04:07:00,381 - #28 ==
INFO  04:07:00,381 - #52 'k'
INFO  04:07:00,381 - #44 )
INFO  04:07:00,381 - #11 print
INFO  04:07:00,381 - #43 (
INFO  04:07:00,381 - #52 'K'
INFO  04:07:00,381 - #44 )
INFO  04:07:00,381 - #40 ;
INFO  04:07:00,381 - #11 print
INFO  04:07:00,382 - #43 (
INFO  04:07:00,382 - #54 eol
INFO  04:07:00,382 - #44 )
INFO  04:07:00,382 - #40 ;
INFO  04:07:00,382 - #11 print
INFO  04:07:00,382 - #43 (
INFO  04:07:00,382 - #54 p
INFO  04:07:00,382 - #42 .
INFO  04:07:00,382 - #54 dohvTezinu
INFO  04:07:00,382 - #43 (
INFO  04:07:00,382 - #44 )
INFO  04:07:00,382 - #44 )
INFO  04:07:00,382 - #40 ;
INFO  04:07:00,382 - #46 }
INFO  04:07:00,382 - #14 void
INFO  04:07:00,382 - #54 main
INFO  04:07:00,382 - #43 (
INFO  04:07:00,382 - #44 )
INFO  04:07:00,382 - #54 Predmet
INFO  04:07:00,382 - #54 predmeti
INFO  04:07:00,382 - #47 [
INFO  04:07:00,382 - #48 ]
INFO  04:07:00,382 - #40 ;
INFO  04:07:00,382 - #54 AbsPredmet
INFO  04:07:00,382 - #54 absPredmeti
INFO  04:07:00,382 - #47 [
INFO  04:07:00,382 - #48 ]
INFO  04:07:00,382 - #40 ;
INFO  04:07:00,382 - #54 int
INFO  04:07:00,382 - #54 i
INFO  04:07:00,382 - #40 ;
INFO  04:07:00,382 - #54 Sfera
INFO  04:07:00,382 - #54 s1
INFO  04:07:00,382 - #41 ,
INFO  04:07:00,382 - #54 s2
INFO  04:07:00,382 - #41 ,
INFO  04:07:00,382 - #54 s3
INFO  04:07:00,382 - #40 ;
INFO  04:07:00,382 - #54 Kvadar
INFO  04:07:00,382 - #54 k1
INFO  04:07:00,382 - #41 ,
INFO  04:07:00,382 - #54 k2
INFO  04:07:00,382 - #41 ,
INFO  04:07:00,382 - #54 k3
INFO  04:07:00,382 - #40 ;
INFO  04:07:00,382 - #54 int
INFO  04:07:00,382 - #54 t
INFO  04:07:00,382 - #40 ;
INFO  04:07:00,382 - #45 {
INFO  04:07:00,382 - #54 predmeti
INFO  04:07:00,383 - #36 =
INFO  04:07:00,383 - #10 new
INFO  04:07:00,383 - #54 Predmet
INFO  04:07:00,383 - #47 [
INFO  04:07:00,383 - #53 6
INFO  04:07:00,383 - #48 ]
INFO  04:07:00,383 - #40 ;
INFO  04:07:00,383 - #54 absPredmeti
INFO  04:07:00,383 - #36 =
INFO  04:07:00,383 - #10 new
INFO  04:07:00,383 - #54 AbsPredmet
INFO  04:07:00,383 - #47 [
INFO  04:07:00,383 - #53 6
INFO  04:07:00,383 - #48 ]
INFO  04:07:00,383 - #40 ;
INFO  04:07:00,383 - #54 s1
INFO  04:07:00,383 - #36 =
INFO  04:07:00,383 - #10 new
INFO  04:07:00,383 - #54 Sfera
INFO  04:07:00,383 - #40 ;
INFO  04:07:00,383 - #54 s2
INFO  04:07:00,383 - #36 =
INFO  04:07:00,383 - #10 new
INFO  04:07:00,383 - #54 Sfera
INFO  04:07:00,383 - #40 ;
INFO  04:07:00,383 - #54 s3
INFO  04:07:00,383 - #36 =
INFO  04:07:00,383 - #10 new
INFO  04:07:00,383 - #54 Sfera
INFO  04:07:00,383 - #40 ;
INFO  04:07:00,383 - #54 k1
INFO  04:07:00,383 - #36 =
INFO  04:07:00,383 - #10 new
INFO  04:07:00,383 - #54 Kvadar
INFO  04:07:00,383 - #40 ;
INFO  04:07:00,383 - #54 k2
INFO  04:07:00,383 - #36 =
INFO  04:07:00,383 - #10 new
INFO  04:07:00,383 - #54 Kvadar
INFO  04:07:00,383 - #40 ;
INFO  04:07:00,383 - #54 k3
INFO  04:07:00,383 - #36 =
INFO  04:07:00,383 - #10 new
INFO  04:07:00,383 - #54 Kvadar
INFO  04:07:00,383 - #40 ;
INFO  04:07:00,383 - #54 s1
INFO  04:07:00,383 - #42 .
INFO  04:07:00,383 - #54 postaviPoluprecnik
INFO  04:07:00,383 - #43 (
INFO  04:07:00,383 - #53 1
INFO  04:07:00,383 - #44 )
INFO  04:07:00,383 - #40 ;
INFO  04:07:00,383 - #54 s2
INFO  04:07:00,383 - #42 .
INFO  04:07:00,383 - #54 postaviPoluprecnik
INFO  04:07:00,383 - #43 (
INFO  04:07:00,383 - #53 2
INFO  04:07:00,383 - #44 )
INFO  04:07:00,383 - #40 ;
INFO  04:07:00,383 - #54 s3
INFO  04:07:00,383 - #42 .
INFO  04:07:00,383 - #54 postaviPoluprecnik
INFO  04:07:00,383 - #43 (
INFO  04:07:00,383 - #53 3
INFO  04:07:00,383 - #44 )
INFO  04:07:00,383 - #40 ;
INFO  04:07:00,384 - #54 k1
INFO  04:07:00,384 - #42 .
INFO  04:07:00,384 - #54 postaviStranice
INFO  04:07:00,384 - #43 (
INFO  04:07:00,384 - #53 1
INFO  04:07:00,384 - #41 ,
INFO  04:07:00,384 - #53 2
INFO  04:07:00,384 - #41 ,
INFO  04:07:00,384 - #53 3
INFO  04:07:00,384 - #44 )
INFO  04:07:00,384 - #40 ;
INFO  04:07:00,384 - #54 k2
INFO  04:07:00,384 - #42 .
INFO  04:07:00,384 - #54 postaviStranice
INFO  04:07:00,384 - #43 (
INFO  04:07:00,384 - #53 2
INFO  04:07:00,384 - #41 ,
INFO  04:07:00,384 - #53 3
INFO  04:07:00,384 - #41 ,
INFO  04:07:00,384 - #53 4
INFO  04:07:00,384 - #44 )
INFO  04:07:00,384 - #40 ;
INFO  04:07:00,384 - #54 k3
INFO  04:07:00,384 - #42 .
INFO  04:07:00,384 - #54 postaviStranice
INFO  04:07:00,384 - #43 (
INFO  04:07:00,384 - #53 3
INFO  04:07:00,384 - #41 ,
INFO  04:07:00,384 - #53 4
INFO  04:07:00,384 - #41 ,
INFO  04:07:00,384 - #53 5
INFO  04:07:00,384 - #44 )
INFO  04:07:00,384 - #40 ;
INFO  04:07:00,384 - #54 predmeti
INFO  04:07:00,384 - #47 [
INFO  04:07:00,384 - #53 0
INFO  04:07:00,384 - #48 ]
INFO  04:07:00,384 - #36 =
INFO  04:07:00,384 - #54 s1
INFO  04:07:00,384 - #40 ;
INFO  04:07:00,384 - #54 predmeti
INFO  04:07:00,384 - #47 [
INFO  04:07:00,384 - #53 2
INFO  04:07:00,384 - #48 ]
INFO  04:07:00,384 - #36 =
INFO  04:07:00,384 - #54 s2
INFO  04:07:00,384 - #40 ;
INFO  04:07:00,384 - #54 predmeti
INFO  04:07:00,384 - #47 [
INFO  04:07:00,384 - #53 4
INFO  04:07:00,384 - #48 ]
INFO  04:07:00,384 - #36 =
INFO  04:07:00,384 - #54 s3
INFO  04:07:00,384 - #40 ;
INFO  04:07:00,384 - #54 predmeti
INFO  04:07:00,384 - #47 [
INFO  04:07:00,384 - #53 1
INFO  04:07:00,384 - #48 ]
INFO  04:07:00,384 - #36 =
INFO  04:07:00,384 - #54 k1
INFO  04:07:00,384 - #40 ;
INFO  04:07:00,384 - #54 predmeti
INFO  04:07:00,384 - #47 [
INFO  04:07:00,384 - #53 3
INFO  04:07:00,384 - #48 ]
INFO  04:07:00,384 - #36 =
INFO  04:07:00,384 - #54 k2
INFO  04:07:00,384 - #40 ;
INFO  04:07:00,384 - #54 predmeti
INFO  04:07:00,384 - #47 [
INFO  04:07:00,384 - #53 5
INFO  04:07:00,384 - #48 ]
INFO  04:07:00,384 - #36 =
INFO  04:07:00,384 - #54 k3
INFO  04:07:00,384 - #40 ;
INFO  04:07:00,384 - #12 read
INFO  04:07:00,384 - #43 (
INFO  04:07:00,384 - #54 t
INFO  04:07:00,384 - #44 )
INFO  04:07:00,384 - #40 ;
INFO  04:07:00,384 - #17 for
INFO  04:07:00,384 - #43 (
INFO  04:07:00,384 - #54 i
INFO  04:07:00,384 - #36 =
INFO  04:07:00,384 - #53 0
INFO  04:07:00,384 - #40 ;
INFO  04:07:00,384 - #54 i
INFO  04:07:00,384 - #32 <
INFO  04:07:00,384 - #54 absPredmeti
INFO  04:07:00,385 - #42 .
INFO  04:07:00,385 - #18 length
INFO  04:07:00,385 - #40 ;
INFO  04:07:00,385 - #54 i
INFO  04:07:00,385 - #37 ++
INFO  04:07:00,385 - #44 )
INFO  04:07:00,385 - #45 {
INFO  04:07:00,386 - #54 predmeti
INFO  04:07:00,386 - #47 [
INFO  04:07:00,386 - #54 i
INFO  04:07:00,386 - #48 ]
INFO  04:07:00,386 - #42 .
INFO  04:07:00,386 - #54 postaviTezinu
INFO  04:07:00,386 - #43 (
INFO  04:07:00,386 - #54 t
INFO  04:07:00,386 - #44 )
INFO  04:07:00,386 - #40 ;
INFO  04:07:00,386 - #54 absPredmeti
INFO  04:07:00,386 - #47 [
INFO  04:07:00,386 - #54 i
INFO  04:07:00,386 - #48 ]
INFO  04:07:00,386 - #36 =
INFO  04:07:00,386 - #54 predmeti
INFO  04:07:00,386 - #47 [
INFO  04:07:00,386 - #54 i
INFO  04:07:00,386 - #48 ]
INFO  04:07:00,386 - #40 ;
INFO  04:07:00,386 - #46 }
INFO  04:07:00,386 - #54 zapreminaS
INFO  04:07:00,386 - #36 =
INFO  04:07:00,386 - #53 0
INFO  04:07:00,386 - #40 ;
INFO  04:07:00,386 - #54 tezinaS
INFO  04:07:00,386 - #36 =
INFO  04:07:00,386 - #53 0
INFO  04:07:00,386 - #40 ;
INFO  04:07:00,386 - #17 for
INFO  04:07:00,386 - #43 (
INFO  04:07:00,386 - #54 i
INFO  04:07:00,386 - #36 =
INFO  04:07:00,386 - #53 1
INFO  04:07:00,386 - #40 ;
INFO  04:07:00,386 - #54 i
INFO  04:07:00,386 - #33 <=
INFO  04:07:00,386 - #54 absPredmeti
INFO  04:07:00,386 - #42 .
INFO  04:07:00,386 - #18 length
INFO  04:07:00,386 - #40 ;
INFO  04:07:00,386 - #54 i
INFO  04:07:00,386 - #37 ++
INFO  04:07:00,386 - #44 )
INFO  04:07:00,386 - #45 {
INFO  04:07:00,386 - #9 if
INFO  04:07:00,386 - #43 (
INFO  04:07:00,386 - #54 i
INFO  04:07:00,386 - #27 %
INFO  04:07:00,386 - #53 2
INFO  04:07:00,387 - #28 ==
INFO  04:07:00,387 - #53 0
INFO  04:07:00,387 - #44 )
INFO  04:07:00,387 - #16 continue
INFO  04:07:00,387 - #40 ;
INFO  04:07:00,387 - #54 zapreminaS
INFO  04:07:00,387 - #36 =
INFO  04:07:00,387 - #54 zapreminaS
INFO  04:07:00,387 - #23 +
INFO  04:07:00,387 - #54 absPredmeti
INFO  04:07:00,388 - #47 [
INFO  04:07:00,388 - #54 i
INFO  04:07:00,388 - #24 -
INFO  04:07:00,388 - #53 1
INFO  04:07:00,388 - #48 ]
INFO  04:07:00,388 - #42 .
INFO  04:07:00,388 - #54 zapremina
INFO  04:07:00,388 - #43 (
INFO  04:07:00,388 - #44 )
INFO  04:07:00,388 - #40 ;
INFO  04:07:00,388 - #54 tezinaS
INFO  04:07:00,388 - #36 =
INFO  04:07:00,388 - #54 tezinaS
INFO  04:07:00,388 - #23 +
INFO  04:07:00,388 - #54 absPredmeti
INFO  04:07:00,388 - #47 [
INFO  04:07:00,388 - #54 i
INFO  04:07:00,388 - #24 -
INFO  04:07:00,388 - #53 1
INFO  04:07:00,388 - #48 ]
INFO  04:07:00,388 - #42 .
INFO  04:07:00,388 - #54 Q
INFO  04:07:00,388 - #43 (
INFO  04:07:00,388 - #44 )
INFO  04:07:00,388 - #40 ;
INFO  04:07:00,388 - #54 ispis
INFO  04:07:00,388 - #43 (
INFO  04:07:00,388 - #54 predmeti
INFO  04:07:00,388 - #47 [
INFO  04:07:00,388 - #54 i
INFO  04:07:00,388 - #24 -
INFO  04:07:00,388 - #53 1
INFO  04:07:00,388 - #48 ]
INFO  04:07:00,388 - #44 )
INFO  04:07:00,388 - #40 ;
INFO  04:07:00,388 - #46 }
INFO  04:07:00,388 - #54 zapreminaK
INFO  04:07:00,388 - #36 =
INFO  04:07:00,388 - #53 0
INFO  04:07:00,388 - #40 ;
INFO  04:07:00,388 - #54 tezinaK
INFO  04:07:00,388 - #36 =
INFO  04:07:00,388 - #53 0
INFO  04:07:00,388 - #40 ;
INFO  04:07:00,388 - #17 for
INFO  04:07:00,388 - #43 (
INFO  04:07:00,388 - #54 i
INFO  04:07:00,388 - #36 =
INFO  04:07:00,388 - #53 1
INFO  04:07:00,388 - #40 ;
INFO  04:07:00,388 - #54 i
INFO  04:07:00,388 - #33 <=
INFO  04:07:00,388 - #54 absPredmeti
INFO  04:07:00,388 - #42 .
INFO  04:07:00,388 - #18 length
INFO  04:07:00,388 - #40 ;
INFO  04:07:00,388 - #54 i
INFO  04:07:00,388 - #37 ++
INFO  04:07:00,388 - #44 )
INFO  04:07:00,388 - #45 {
INFO  04:07:00,388 - #9 if
INFO  04:07:00,388 - #43 (
INFO  04:07:00,388 - #54 i
INFO  04:07:00,388 - #27 %
INFO  04:07:00,388 - #53 2
INFO  04:07:00,388 - #28 ==
INFO  04:07:00,388 - #53 1
INFO  04:07:00,388 - #44 )
INFO  04:07:00,388 - #16 continue
INFO  04:07:00,388 - #40 ;
INFO  04:07:00,388 - #54 zapreminaK
INFO  04:07:00,388 - #36 =
INFO  04:07:00,388 - #54 zapreminaK
INFO  04:07:00,388 - #23 +
INFO  04:07:00,388 - #54 predmeti
INFO  04:07:00,388 - #47 [
INFO  04:07:00,388 - #54 i
INFO  04:07:00,388 - #24 -
INFO  04:07:00,388 - #53 1
INFO  04:07:00,388 - #48 ]
INFO  04:07:00,388 - #42 .
INFO  04:07:00,388 - #54 zapremina
INFO  04:07:00,388 - #43 (
INFO  04:07:00,388 - #44 )
INFO  04:07:00,388 - #40 ;
INFO  04:07:00,388 - #54 tezinaK
INFO  04:07:00,388 - #36 =
INFO  04:07:00,389 - #54 tezinaK
INFO  04:07:00,389 - #23 +
INFO  04:07:00,389 - #54 predmeti
INFO  04:07:00,389 - #47 [
INFO  04:07:00,389 - #54 i
INFO  04:07:00,389 - #24 -
INFO  04:07:00,389 - #53 1
INFO  04:07:00,389 - #48 ]
INFO  04:07:00,389 - #42 .
INFO  04:07:00,389 - #54 Q
INFO  04:07:00,389 - #43 (
INFO  04:07:00,389 - #44 )
INFO  04:07:00,389 - #40 ;
INFO  04:07:00,389 - #54 ispis
INFO  04:07:00,389 - #43 (
INFO  04:07:00,389 - #54 predmeti
INFO  04:07:00,389 - #47 [
INFO  04:07:00,389 - #54 i
INFO  04:07:00,389 - #24 -
INFO  04:07:00,389 - #53 1
INFO  04:07:00,389 - #48 ]
INFO  04:07:00,389 - #44 )
INFO  04:07:00,389 - #40 ;
INFO  04:07:00,389 - #46 }
INFO  04:07:00,389 - #11 print
INFO  04:07:00,389 - #43 (
INFO  04:07:00,389 - #54 zapreminaS
INFO  04:07:00,389 - #44 )
INFO  04:07:00,389 - #40 ;
INFO  04:07:00,389 - #11 print
INFO  04:07:00,389 - #43 (
INFO  04:07:00,389 - #54 eol
INFO  04:07:00,389 - #44 )
INFO  04:07:00,389 - #40 ;
INFO  04:07:00,389 - #11 print
INFO  04:07:00,389 - #43 (
INFO  04:07:00,389 - #54 zapreminaK
INFO  04:07:00,389 - #44 )
INFO  04:07:00,389 - #40 ;
INFO  04:07:00,389 - #11 print
INFO  04:07:00,389 - #43 (
INFO  04:07:00,389 - #54 eol
INFO  04:07:00,389 - #44 )
INFO  04:07:00,389 - #40 ;
INFO  04:07:00,389 - #11 print
INFO  04:07:00,389 - #43 (
INFO  04:07:00,389 - #54 tezinaS
INFO  04:07:00,389 - #44 )
INFO  04:07:00,389 - #40 ;
INFO  04:07:00,389 - #11 print
INFO  04:07:00,389 - #43 (
INFO  04:07:00,389 - #54 eol
INFO  04:07:00,389 - #44 )
INFO  04:07:00,389 - #40 ;
INFO  04:07:00,389 - #11 print
INFO  04:07:00,389 - #43 (
INFO  04:07:00,389 - #54 tezinaK
INFO  04:07:00,389 - #44 )
INFO  04:07:00,389 - #40 ;
INFO  04:07:00,389 - #11 print
INFO  04:07:00,389 - #43 (
INFO  04:07:00,389 - #54 eol
INFO  04:07:00,389 - #44 )
INFO  04:07:00,389 - #40 ;
INFO  04:07:00,389 - #46 }
INFO  04:07:00,389 - #46 }
INFO  04:07:00,393 - Pretraga na 19 (this), nadjeno rs.etf.pp1.symboltable.concepts.Obj@52a86356
INFO  04:07:00,393 - Pretraga na 19 (tezina), nadjeno rs.etf.pp1.symboltable.concepts.Obj@78c03f1f
INFO  04:07:00,393 - Pretraga na 19 (tezina), nadjeno rs.etf.pp1.symboltable.concepts.Obj@5ce81285
INFO  04:07:00,394 - Pretraga na 20 (tezina), nadjeno rs.etf.pp1.symboltable.concepts.Obj@78c03f1f
INFO  04:07:00,394 - Pretraga na 22 (zapremina), nadjeno rs.etf.pp1.symboltable.concepts.Obj@5383967b
INFO  04:07:00,394 - Pretraga na 22 (tezina), nadjeno rs.etf.pp1.symboltable.concepts.Obj@78c03f1f
INFO  04:07:00,394 - Pretraga na 23 (this), nadjeno rs.etf.pp1.symboltable.concepts.Obj@5abca1e0
INFO  04:07:00,394 - Pretraga na 23 (vrsta), nadjeno rs.etf.pp1.symboltable.concepts.Obj@4e9ba398
INFO  04:07:00,394 - Pretraga na 23 (vrsta), nadjeno rs.etf.pp1.symboltable.concepts.Obj@2286778
INFO  04:07:00,394 - Pretraga na 24 (vrsta), nadjeno rs.etf.pp1.symboltable.concepts.Obj@4e9ba398
INFO  04:07:00,394 - Pretraga na 25 (tezina), nadjeno rs.etf.pp1.symboltable.concepts.Obj@78c03f1f
INFO  04:07:00,394 - Pretraga na 33 (this), nadjeno rs.etf.pp1.symboltable.concepts.Obj@67784306
INFO  04:07:00,394 - Pretraga na 33 (tezina), nadjeno rs.etf.pp1.symboltable.concepts.Obj@5f9d02cb
INFO  04:07:00,394 - Pretraga na 33 (tezina), nadjeno rs.etf.pp1.symboltable.concepts.Obj@335eadca
INFO  04:07:00,394 - Pretraga na 33 (vrsta), nadjeno rs.etf.pp1.symboltable.concepts.Obj@63753b6d
INFO  04:07:00,394 - Pretraga na 34 (this), nadjeno rs.etf.pp1.symboltable.concepts.Obj@eec5a4a
INFO  04:07:00,394 - Pretraga na 34 (r), nadjeno rs.etf.pp1.symboltable.concepts.Obj@6ddf90b0
INFO  04:07:00,394 - Pretraga na 34 (r), nadjeno rs.etf.pp1.symboltable.concepts.Obj@2b2948e2
INFO  04:07:00,394 - Pretraga na 34 (postaviVrstu), nadjeno rs.etf.pp1.symboltable.concepts.Obj@3e9b1010
INFO  04:07:00,394 - Pretraga na 38 (z), nadjeno rs.etf.pp1.symboltable.concepts.Obj@731a74c
INFO  04:07:00,394 - Pretraga na 38 (cinilac), nadjeno rs.etf.pp1.symboltable.concepts.Obj@369f73a2
INFO  04:07:00,394 - Pretraga na 39 (z), nadjeno rs.etf.pp1.symboltable.concepts.Obj@731a74c
INFO  04:07:00,394 - Pretraga na 39 (r), nadjeno rs.etf.pp1.symboltable.concepts.Obj@6ddf90b0
INFO  04:07:00,394 - Pretraga na 39 (delilac), nadjeno rs.etf.pp1.symboltable.concepts.Obj@1f28c152
INFO  04:07:00,394 - Pretraga na 48 (this), nadjeno rs.etf.pp1.symboltable.concepts.Obj@887af79
INFO  04:07:00,394 - Pretraga na 48 (tezina), nadjeno rs.etf.pp1.symboltable.concepts.Obj@7791a895
INFO  04:07:00,394 - Pretraga na 48 (tezina), nadjeno rs.etf.pp1.symboltable.concepts.Obj@7fac631b
INFO  04:07:00,394 - Pretraga na 48 (vrsta), nadjeno rs.etf.pp1.symboltable.concepts.Obj@3a5ed7a6
INFO  04:07:00,394 - Pretraga na 49 (this), nadjeno rs.etf.pp1.symboltable.concepts.Obj@6e0e048a
INFO  04:07:00,394 - Pretraga na 49 (a), nadjeno rs.etf.pp1.symboltable.concepts.Obj@3dd4520b
INFO  04:07:00,394 - Pretraga na 49 (a), nadjeno rs.etf.pp1.symboltable.concepts.Obj@5bc79255
INFO  04:07:00,394 - Pretraga na 49 (this), nadjeno rs.etf.pp1.symboltable.concepts.Obj@6e0e048a
INFO  04:07:00,394 - Pretraga na 49 (b), nadjeno rs.etf.pp1.symboltable.concepts.Obj@5ae63ade
INFO  04:07:00,394 - Pretraga na 49 (b), nadjeno rs.etf.pp1.symboltable.concepts.Obj@47ef968d
INFO  04:07:00,394 - Pretraga na 49 (this), nadjeno rs.etf.pp1.symboltable.concepts.Obj@6e0e048a
INFO  04:07:00,394 - Pretraga na 49 (c), nadjeno rs.etf.pp1.symboltable.concepts.Obj@610694f1
INFO  04:07:00,394 - Pretraga na 49 (c), nadjeno rs.etf.pp1.symboltable.concepts.Obj@23e028a9
INFO  04:07:00,394 - Pretraga na 49 (vrsta), nadjeno rs.etf.pp1.symboltable.concepts.Obj@3a5ed7a6
INFO  04:07:00,395 - Pretraga na 53 (z), nadjeno rs.etf.pp1.symboltable.concepts.Obj@3701eaf6
INFO  04:07:00,395 - Pretraga na 53 (a), nadjeno rs.etf.pp1.symboltable.concepts.Obj@3dd4520b
INFO  04:07:00,395 - Pretraga na 53 (b), nadjeno rs.etf.pp1.symboltable.concepts.Obj@5ae63ade
INFO  04:07:00,395 - Pretraga na 53 (c), nadjeno rs.etf.pp1.symboltable.concepts.Obj@610694f1
INFO  04:07:00,395 - Pretraga na 54 (z), nadjeno rs.etf.pp1.symboltable.concepts.Obj@3701eaf6
INFO  04:07:00,395 - Pretraga na 65 (p), nadjeno rs.etf.pp1.symboltable.concepts.Obj@2b552920
INFO  04:07:00,395 - Pretraga na 65 (dohvVrstu), nadjeno rs.etf.pp1.symboltable.concepts.Obj@6d7b4f4c
INFO  04:07:00,395 - Pretraga na 66 (p), nadjeno rs.etf.pp1.symboltable.concepts.Obj@2b552920
INFO  04:07:00,395 - Pretraga na 66 (dohvVrstu), nadjeno rs.etf.pp1.symboltable.concepts.Obj@6d7b4f4c
INFO  04:07:00,395 - Pretraga na 68 (eol), nadjeno rs.etf.pp1.symboltable.concepts.Obj@35d176f7
INFO  04:07:00,395 - Pretraga na 69 (p), nadjeno rs.etf.pp1.symboltable.concepts.Obj@2b552920
INFO  04:07:00,395 - Pretraga na 69 (dohvTezinu), nadjeno rs.etf.pp1.symboltable.concepts.Obj@13a5fe33
INFO  04:07:00,395 - Pretraga na 74 (predmeti), nadjeno rs.etf.pp1.symboltable.concepts.Obj@50b494a6
INFO  04:07:00,395 - Pretraga na 75 (absPredmeti), nadjeno rs.etf.pp1.symboltable.concepts.Obj@3cef309d
INFO  04:07:00,395 - Pretraga na 76 (s1), nadjeno rs.etf.pp1.symboltable.concepts.Obj@32709393
INFO  04:07:00,395 - Kreiranje objekta klase Sfera na liniji 76
INFO  04:07:00,395 - Pretraga na 77 (s2), nadjeno rs.etf.pp1.symboltable.concepts.Obj@49fc609f
INFO  04:07:00,395 - Kreiranje objekta klase Sfera na liniji 77
INFO  04:07:00,395 - Pretraga na 78 (s3), nadjeno rs.etf.pp1.symboltable.concepts.Obj@cd2dae5
INFO  04:07:00,395 - Kreiranje objekta klase Sfera na liniji 78
INFO  04:07:00,395 - Pretraga na 80 (k1), nadjeno rs.etf.pp1.symboltable.concepts.Obj@3a883ce7
INFO  04:07:00,395 - Kreiranje objekta klase Kvadar na liniji 80
INFO  04:07:00,395 - Pretraga na 81 (k2), nadjeno rs.etf.pp1.symboltable.concepts.Obj@6321e813
INFO  04:07:00,395 - Kreiranje objekta klase Kvadar na liniji 81
INFO  04:07:00,395 - Pretraga na 82 (k3), nadjeno rs.etf.pp1.symboltable.concepts.Obj@79be0360
INFO  04:07:00,395 - Kreiranje objekta klase Kvadar na liniji 82
INFO  04:07:00,395 - Pretraga na 84 (s1), nadjeno rs.etf.pp1.symboltable.concepts.Obj@32709393
INFO  04:07:00,395 - Pretraga na 84 (postaviPoluprecnik), nadjeno rs.etf.pp1.symboltable.concepts.Obj@210366b4
INFO  04:07:00,395 - Pretraga na 85 (s2), nadjeno rs.etf.pp1.symboltable.concepts.Obj@49fc609f
INFO  04:07:00,395 - Pretraga na 85 (postaviPoluprecnik), nadjeno rs.etf.pp1.symboltable.concepts.Obj@210366b4
INFO  04:07:00,395 - Pretraga na 86 (s3), nadjeno rs.etf.pp1.symboltable.concepts.Obj@cd2dae5
INFO  04:07:00,395 - Pretraga na 86 (postaviPoluprecnik), nadjeno rs.etf.pp1.symboltable.concepts.Obj@210366b4
INFO  04:07:00,395 - Pretraga na 88 (k1), nadjeno rs.etf.pp1.symboltable.concepts.Obj@3a883ce7
INFO  04:07:00,395 - Pretraga na 88 (postaviStranice), nadjeno rs.etf.pp1.symboltable.concepts.Obj@5b87ed94
INFO  04:07:00,395 - Pretraga na 89 (k2), nadjeno rs.etf.pp1.symboltable.concepts.Obj@6321e813
INFO  04:07:00,395 - Pretraga na 89 (postaviStranice), nadjeno rs.etf.pp1.symboltable.concepts.Obj@5b87ed94
INFO  04:07:00,395 - Pretraga na 90 (k3), nadjeno rs.etf.pp1.symboltable.concepts.Obj@79be0360
INFO  04:07:00,395 - Pretraga na 90 (postaviStranice), nadjeno rs.etf.pp1.symboltable.concepts.Obj@5b87ed94
INFO  04:07:00,395 - Pretraga na 92 (predmeti), nadjeno rs.etf.pp1.symboltable.concepts.Obj@50b494a6
INFO  04:07:00,395 - Pretraga na 92 (predmeti[]), nadjeno rs.etf.pp1.symboltable.concepts.Obj@67205a84
INFO  04:07:00,395 - Pretraga na 92 (s1), nadjeno rs.etf.pp1.symboltable.concepts.Obj@32709393
INFO  04:07:00,395 - Pretraga na 93 (predmeti), nadjeno rs.etf.pp1.symboltable.concepts.Obj@50b494a6
INFO  04:07:00,395 - Pretraga na 93 (predmeti[]), nadjeno rs.etf.pp1.symboltable.concepts.Obj@7d0587f1
INFO  04:07:00,395 - Pretraga na 93 (s2), nadjeno rs.etf.pp1.symboltable.concepts.Obj@49fc609f
INFO  04:07:00,395 - Pretraga na 94 (predmeti), nadjeno rs.etf.pp1.symboltable.concepts.Obj@50b494a6
INFO  04:07:00,395 - Pretraga na 94 (predmeti[]), nadjeno rs.etf.pp1.symboltable.concepts.Obj@5d76b067
INFO  04:07:00,395 - Pretraga na 94 (s3), nadjeno rs.etf.pp1.symboltable.concepts.Obj@cd2dae5
INFO  04:07:00,395 - Pretraga na 95 (predmeti), nadjeno rs.etf.pp1.symboltable.concepts.Obj@50b494a6
INFO  04:07:00,395 - Pretraga na 95 (predmeti[]), nadjeno rs.etf.pp1.symboltable.concepts.Obj@2a17b7b6
INFO  04:07:00,395 - Pretraga na 95 (k1), nadjeno rs.etf.pp1.symboltable.concepts.Obj@3a883ce7
INFO  04:07:00,395 - Pretraga na 96 (predmeti), nadjeno rs.etf.pp1.symboltable.concepts.Obj@50b494a6
INFO  04:07:00,395 - Pretraga na 96 (predmeti[]), nadjeno rs.etf.pp1.symboltable.concepts.Obj@4f063c0a
INFO  04:07:00,395 - Pretraga na 96 (k2), nadjeno rs.etf.pp1.symboltable.concepts.Obj@6321e813
INFO  04:07:00,395 - Pretraga na 97 (predmeti), nadjeno rs.etf.pp1.symboltable.concepts.Obj@50b494a6
INFO  04:07:00,395 - Pretraga na 97 (predmeti[]), nadjeno rs.etf.pp1.symboltable.concepts.Obj@1e6d1014
INFO  04:07:00,395 - Pretraga na 97 (k3), nadjeno rs.etf.pp1.symboltable.concepts.Obj@79be0360
INFO  04:07:00,395 - Pretraga na 99 (t), nadjeno rs.etf.pp1.symboltable.concepts.Obj@76707e36
INFO  04:07:00,395 - Pretraga na 100 (i), nadjeno rs.etf.pp1.symboltable.concepts.Obj@614ddd49
INFO  04:07:00,395 - Pretraga na 100 (i), nadjeno rs.etf.pp1.symboltable.concepts.Obj@614ddd49
INFO  04:07:00,395 - Pretraga na 100 (absPredmeti), nadjeno rs.etf.pp1.symboltable.concepts.Obj@3cef309d
INFO  04:07:00,395 - Pretraga na 100 (length), nadjeno rs.etf.pp1.symboltable.concepts.Obj@1f554b06
INFO  04:07:00,395 - Pretraga na 100 (i), nadjeno rs.etf.pp1.symboltable.concepts.Obj@614ddd49
INFO  04:07:00,395 - Pretraga na 102 (predmeti), nadjeno rs.etf.pp1.symboltable.concepts.Obj@50b494a6
INFO  04:07:00,395 - Pretraga na 102 (i), nadjeno rs.etf.pp1.symboltable.concepts.Obj@614ddd49
INFO  04:07:00,395 - Pretraga na 102 (predmeti[]), nadjeno rs.etf.pp1.symboltable.concepts.Obj@694e1548
INFO  04:07:00,395 - Pretraga na 102 (postaviTezinu), nadjeno rs.etf.pp1.symboltable.concepts.Obj@66480dd7
INFO  04:07:00,395 - Pretraga na 102 (t), nadjeno rs.etf.pp1.symboltable.concepts.Obj@76707e36
INFO  04:07:00,395 - Pretraga na 103 (absPredmeti), nadjeno rs.etf.pp1.symboltable.concepts.Obj@3cef309d
INFO  04:07:00,395 - Pretraga na 103 (i), nadjeno rs.etf.pp1.symboltable.concepts.Obj@614ddd49
INFO  04:07:00,395 - Pretraga na 103 (absPredmeti[]), nadjeno rs.etf.pp1.symboltable.concepts.Obj@26aa12dd
INFO  04:07:00,395 - Pretraga na 103 (predmeti), nadjeno rs.etf.pp1.symboltable.concepts.Obj@50b494a6
INFO  04:07:00,395 - Pretraga na 103 (i), nadjeno rs.etf.pp1.symboltable.concepts.Obj@614ddd49
INFO  04:07:00,395 - Pretraga na 103 (predmeti[]), nadjeno rs.etf.pp1.symboltable.concepts.Obj@3fd7a715
INFO  04:07:00,395 - Pretraga na 106 (zapreminaS), nadjeno rs.etf.pp1.symboltable.concepts.Obj@711f39f9
INFO  04:07:00,395 - Pretraga na 107 (tezinaS), nadjeno rs.etf.pp1.symboltable.concepts.Obj@71bbf57e
INFO  04:07:00,395 - Pretraga na 108 (i), nadjeno rs.etf.pp1.symboltable.concepts.Obj@614ddd49
INFO  04:07:00,395 - Pretraga na 108 (i), nadjeno rs.etf.pp1.symboltable.concepts.Obj@614ddd49
INFO  04:07:00,395 - Pretraga na 108 (absPredmeti), nadjeno rs.etf.pp1.symboltable.concepts.Obj@3cef309d
INFO  04:07:00,395 - Pretraga na 108 (length), nadjeno rs.etf.pp1.symboltable.concepts.Obj@7f13d6e
INFO  04:07:00,395 - Pretraga na 108 (i), nadjeno rs.etf.pp1.symboltable.concepts.Obj@614ddd49
INFO  04:07:00,395 - Pretraga na 110 (i), nadjeno rs.etf.pp1.symboltable.concepts.Obj@614ddd49
INFO  04:07:00,396 - Pretraga na 111 (zapreminaS), nadjeno rs.etf.pp1.symboltable.concepts.Obj@711f39f9
INFO  04:07:00,396 - Pretraga na 111 (zapreminaS), nadjeno rs.etf.pp1.symboltable.concepts.Obj@711f39f9
INFO  04:07:00,396 - Pretraga na 111 (absPredmeti), nadjeno rs.etf.pp1.symboltable.concepts.Obj@3cef309d
INFO  04:07:00,396 - Pretraga na 111 (i), nadjeno rs.etf.pp1.symboltable.concepts.Obj@614ddd49
INFO  04:07:00,396 - Pretraga na 111 (absPredmeti[]), nadjeno rs.etf.pp1.symboltable.concepts.Obj@51cdd8a
INFO  04:07:00,396 - Pretraga na 111 (zapremina), nadjeno rs.etf.pp1.symboltable.concepts.Obj@544fe44c
INFO  04:07:00,396 - Pretraga na 112 (tezinaS), nadjeno rs.etf.pp1.symboltable.concepts.Obj@71bbf57e
INFO  04:07:00,396 - Pretraga na 112 (tezinaS), nadjeno rs.etf.pp1.symboltable.concepts.Obj@71bbf57e
INFO  04:07:00,396 - Pretraga na 112 (absPredmeti), nadjeno rs.etf.pp1.symboltable.concepts.Obj@3cef309d
INFO  04:07:00,396 - Pretraga na 112 (i), nadjeno rs.etf.pp1.symboltable.concepts.Obj@614ddd49
INFO  04:07:00,396 - Pretraga na 112 (absPredmeti[]), nadjeno rs.etf.pp1.symboltable.concepts.Obj@2d6eabae
INFO  04:07:00,396 - Pretraga na 112 (Q), nadjeno rs.etf.pp1.symboltable.concepts.Obj@71318ec4
INFO  04:07:00,396 - Pretraga na 113 (ispis), nadjeno rs.etf.pp1.symboltable.concepts.Obj@627551fb
INFO  04:07:00,396 - Pretraga na 113 (predmeti), nadjeno rs.etf.pp1.symboltable.concepts.Obj@50b494a6
INFO  04:07:00,396 - Pretraga na 113 (i), nadjeno rs.etf.pp1.symboltable.concepts.Obj@614ddd49
INFO  04:07:00,396 - Pretraga na 113 (predmeti[]), nadjeno rs.etf.pp1.symboltable.concepts.Obj@10bbd20a
INFO  04:07:00,396 - Pretraga na 116 (zapreminaK), nadjeno rs.etf.pp1.symboltable.concepts.Obj@184f6be2
INFO  04:07:00,396 - Pretraga na 117 (tezinaK), nadjeno rs.etf.pp1.symboltable.concepts.Obj@56aac163
INFO  04:07:00,396 - Pretraga na 118 (i), nadjeno rs.etf.pp1.symboltable.concepts.Obj@614ddd49
INFO  04:07:00,396 - Pretraga na 118 (i), nadjeno rs.etf.pp1.symboltable.concepts.Obj@614ddd49
INFO  04:07:00,396 - Pretraga na 118 (absPredmeti), nadjeno rs.etf.pp1.symboltable.concepts.Obj@3cef309d
INFO  04:07:00,396 - Pretraga na 118 (length), nadjeno rs.etf.pp1.symboltable.concepts.Obj@1f7030a6
INFO  04:07:00,396 - Pretraga na 118 (i), nadjeno rs.etf.pp1.symboltable.concepts.Obj@614ddd49
INFO  04:07:00,396 - Pretraga na 120 (i), nadjeno rs.etf.pp1.symboltable.concepts.Obj@614ddd49
INFO  04:07:00,396 - Pretraga na 121 (zapreminaK), nadjeno rs.etf.pp1.symboltable.concepts.Obj@184f6be2
INFO  04:07:00,396 - Pretraga na 121 (zapreminaK), nadjeno rs.etf.pp1.symboltable.concepts.Obj@184f6be2
INFO  04:07:00,396 - Pretraga na 121 (predmeti), nadjeno rs.etf.pp1.symboltable.concepts.Obj@50b494a6
INFO  04:07:00,396 - Pretraga na 121 (i), nadjeno rs.etf.pp1.symboltable.concepts.Obj@614ddd49
INFO  04:07:00,396 - Pretraga na 121 (predmeti[]), nadjeno rs.etf.pp1.symboltable.concepts.Obj@5a1c0542
INFO  04:07:00,396 - Pretraga na 121 (zapremina), nadjeno rs.etf.pp1.symboltable.concepts.Obj@5383967b
INFO  04:07:00,396 - Pretraga na 122 (tezinaK), nadjeno rs.etf.pp1.symboltable.concepts.Obj@56aac163
INFO  04:07:00,396 - Pretraga na 122 (tezinaK), nadjeno rs.etf.pp1.symboltable.concepts.Obj@56aac163
INFO  04:07:00,396 - Pretraga na 122 (predmeti), nadjeno rs.etf.pp1.symboltable.concepts.Obj@50b494a6
INFO  04:07:00,396 - Pretraga na 122 (i), nadjeno rs.etf.pp1.symboltable.concepts.Obj@614ddd49
INFO  04:07:00,396 - Pretraga na 122 (predmeti[]), nadjeno rs.etf.pp1.symboltable.concepts.Obj@27a5f880
INFO  04:07:00,396 - Pretraga na 122 (Q), nadjeno rs.etf.pp1.symboltable.concepts.Obj@71423665
INFO  04:07:00,396 - Pretraga na 123 (ispis), nadjeno rs.etf.pp1.symboltable.concepts.Obj@627551fb
INFO  04:07:00,396 - Pretraga na 123 (predmeti), nadjeno rs.etf.pp1.symboltable.concepts.Obj@50b494a6
INFO  04:07:00,396 - Pretraga na 123 (i), nadjeno rs.etf.pp1.symboltable.concepts.Obj@614ddd49
INFO  04:07:00,396 - Pretraga na 123 (predmeti[]), nadjeno rs.etf.pp1.symboltable.concepts.Obj@167fdd33
INFO  04:07:00,396 - Pretraga na 126 (zapreminaS), nadjeno rs.etf.pp1.symboltable.concepts.Obj@711f39f9
INFO  04:07:00,396 - Pretraga na 126 (eol), nadjeno rs.etf.pp1.symboltable.concepts.Obj@35d176f7
INFO  04:07:00,396 - Pretraga na 127 (zapreminaK), nadjeno rs.etf.pp1.symboltable.concepts.Obj@184f6be2
INFO  04:07:00,396 - Pretraga na 127 (eol), nadjeno rs.etf.pp1.symboltable.concepts.Obj@35d176f7
INFO  04:07:00,396 - Pretraga na 128 (tezinaS), nadjeno rs.etf.pp1.symboltable.concepts.Obj@71bbf57e
INFO  04:07:00,396 - Pretraga na 128 (eol), nadjeno rs.etf.pp1.symboltable.concepts.Obj@35d176f7
INFO  04:07:00,396 - Pretraga na 129 (tezinaK), nadjeno rs.etf.pp1.symboltable.concepts.Obj@56aac163
INFO  04:07:00,396 - Pretraga na 129 (eol), nadjeno rs.etf.pp1.symboltable.concepts.Obj@35d176f7
