2026-07-20 22:36:27.849: [INFO] OnDoneLoading sync enabled: 0
2026-07-20 22:36:36.794: [INFO] OnDoneLoading sync enabled: 0
2026-07-20 22:44:12.363: [INFO] OnDoneLoading sync enabled: 0
2026-07-20 23:09:42.873: [INFO] OnDoneLoading sync enabled: 0
2026-07-20 23:44:44.857: [INFO] OnDoneLoading sync enabled: 0
2026-07-21 00:41:28.562: [INFO] OnDoneLoading sync enabled: 0
2026-07-21 09:42:26.662: [INFO] OnDoneLoading sync enabled: 0
2026-07-21 09:43:30.671: [INFO] OnDoneLoading sync enabled: 0
2026-07-21 12:24:39.955: [INFO] OnDoneLoading sync enabled: 0
2026-08-27 12:31:35.621: [INFO] CurrentProfilePath: C:\dev\pp1domaci\workspace\.metadata\.plugins\org.eclipse.swt\EBWebView\Default
2026-08-27 12:31:35.622: [INFO] Profiles total count: 1
2026-08-27 12:31:35.622: [INFO] Profile: name=Profile 1 path=C:\dev\pp1domaci\workspace\.metadata\.plugins\org.eclipse.swt\EBWebView\Default lastActive=2026-07-20T23:28:27.306Z
2026-08-27 12:31:35.622: [INFO] LastUsedProfileDir: C:\dev\pp1domaci\workspace\.metadata\.plugins\org.eclipse.swt\EBWebView\Default
2026-08-27 12:31:35.622: [INFO] MostRecentlyActiveProfile: name=Profile 1 path=C:\dev\pp1domaci\workspace\.metadata\.plugins\org.eclipse.swt\EBWebView\Default lastActive=2026-07-20T23:28:27.306Z
2026-08-27 12:31:35.622: [INFO] OnDoneLoading sync enabled: 0
2026-08-27 12:31:35.622: [INFO] BookmarkModelLoaded, ids_reassigned: 0
2026-08-27 12:31:35.622: [INFO] BookmarksLoadDropped droppedNodes=0
2026-08-27 12:31:35.622: [INFO] BookmarksSnapshot Startup total=0 bar=0 other=0 mobile=0 showBar=0 showBarNTP=1
2026-08-27 12:33:56.975: [INFO] BookmarksSnapshot Shutdown total=0 bar=0 other=0 mobile=0 showBar=0 showBarNTP=1
2026-08-31 19:30:27.374: [INFO] CurrentProfilePath: C:\dev\pp1domaci\workspace\.metadata\.plugins\org.eclipse.swt\EBWebView\Default
2026-08-31 19:30:27.374: [INFO] Profiles total count: 1
2026-08-31 19:30:27.374: [INFO] Profile: name=Profile 1 path=C:\dev\pp1domaci\workspace\.metadata\.plugins\org.eclipse.swt\EBWebView\Default lastActive=2026-07-20T23:28:27.306Z
2026-08-31 19:30:27.374: [INFO] LastUsedProfileDir: C:\dev\pp1domaci\workspace\.metadata\.plugins\org.eclipse.swt\EBWebView\Default
2026-08-31 19:30:27.374: [INFO] MostRecentlyActiveProfile: name=Profile 1 path=C:\dev\pp1domaci\workspace\.metadata\.plugins\org.eclipse.swt\EBWebView\Default lastActive=2026-07-20T23:28:27.306Z
2026-08-31 19:30:27.374: [INFO] OnDoneLoading sync enabled: 0
2026-08-31 19:30:27.374: [INFO] BookmarkModelLoaded, ids_reassigned: 0
2026-08-31 19:30:27.374: [INFO] BookmarksLoadDropped droppedNodes=0
2026-08-31 19:30:27.374: [INFO] BookmarksSnapshot Startup total=0 bar=0 other=0 mobile=0 showBar=0 showBarNTP=1
2026-08-31 19:32:07.313: [INFO] BookmarksSnapshot Shutdown total=0 bar=0 other=0 mobile=0 showBar=0 showBarNTP=1
